Flow report for KeyScanning
Fri Nov 14 12:35:32 2025
Quartus II Version 9.0 Build 235 06/17/2009 Service Pack 2 SJ Web Edition


---------------------
; Table of Contents ;
---------------------
  1. Legal Notice
  2. Flow Summary
  3. Flow Settings
  4. Flow Non-Default Global Settings
  5. Flow Elapsed Time
  6. Flow OS Summary
  7. Flow Log



----------------
; Legal Notice ;
----------------
Copyright (C) 1991-2009 Altera Corporation
Your use of Altera Corporation's design tools, logic functions 
and other software and tools, and its AMPP partner logic 
functions, and any output files from any of the foregoing 
(including device programming or simulation files), and any 
associated documentation or information are expressly subject 
to the terms and conditions of the Altera Program License 
Subscription Agreement, Altera MegaCore Function License 
Agreement, or other applicable license agreement, including, 
without limitation, that your use is for the sole purpose of 
programming logic devices manufactured by Altera and sold by 
Altera or its authorized distributors.  Please refer to the 
applicable agreement for further details.



+------------------------------------------------------------------------+
; Flow Summary                                                           ;
+-------------------------+----------------------------------------------+
; Flow Status             ; Successful - Fri Nov 14 12:35:32 2025        ;
; Quartus II Version      ; 9.0 Build 235 06/17/2009 SP 2 SJ Web Edition ;
; Revision Name           ; KeyScanning                                  ;
; Top-level Entity Name   ; main                                         ;
; Family                  ; Cyclone                                      ;
; Device                  ; EP1C3T144C8                                  ;
; Timing Models           ; Final                                        ;
; Met timing requirements ; No                                           ;
; Total logic elements    ; 245 / 2,910 ( 8 % )                          ;
; Total pins              ; 41 / 104 ( 39 % )                            ;
; Total virtual pins      ; 0                                            ;
; Total memory bits       ; 8,192 / 59,904 ( 14 % )                      ;
; Total PLLs              ; 0 / 1 ( 0 % )                                ;
+-------------------------+----------------------------------------------+


+-----------------------------------------+
; Flow Settings                           ;
+-------------------+---------------------+
; Option            ; Setting             ;
+-------------------+---------------------+
; Start date & time ; 11/14/2025 12:35:27 ;
; Main task         ; Compilation         ;
; Revision Name     ; KeyScanning         ;
+-------------------+---------------------+


+--------------------------------------------------------------------------------------------------------------------------------------------------------+
; Flow Non-Default Global Settings                                                                                                                       ;
+------------------------------------+--------------------------------------------------------------------+---------------+-------------+----------------+
; Assignment Name                    ; Value                                                              ; Default Value ; Entity Name ; Section Id     ;
+------------------------------------+--------------------------------------------------------------------+---------------+-------------+----------------+
; COMPILER_SIGNATURE_ID              ; 233730243958883.176309492611176                                    ; --            ; --          ; --             ;
; IP_TOOL_NAME                       ; LPM_ROM                                                            ; --            ; --          ; --             ;
; IP_TOOL_NAME                       ; LPM_ROM                                                            ; --            ; --          ; --             ;
; IP_TOOL_NAME                       ; LPM_ROM                                                            ; --            ; --          ; --             ;
; IP_TOOL_NAME                       ; LPM_BUSTRI                                                         ; --            ; --          ; --             ;
; IP_TOOL_NAME                       ; LPM_ROM                                                            ; --            ; --          ; --             ;
; IP_TOOL_VERSION                    ; 9.0                                                                ; --            ; --          ; --             ;
; IP_TOOL_VERSION                    ; 9.0                                                                ; --            ; --          ; --             ;
; IP_TOOL_VERSION                    ; 9.0                                                                ; --            ; --          ; --             ;
; IP_TOOL_VERSION                    ; 9.0                                                                ; --            ; --          ; --             ;
; IP_TOOL_VERSION                    ; 9.0                                                                ; --            ; --          ; --             ;
; MAX_CORE_JUNCTION_TEMP             ; 85                                                                 ; --            ; --          ; --             ;
; MIN_CORE_JUNCTION_TEMP             ; 0                                                                  ; --            ; --          ; --             ;
; MISC_FILE                          ; C:/Users/Ma Yuxuan/Desktop/KeyScanning/KeyScanning.dpf             ; --            ; --          ; --             ;
; MISC_FILE                          ; lpm_rom0.tdf                                                       ; --            ; --          ; --             ;
; MISC_FILE                          ; lpm_rom0.bsf                                                       ; --            ; --          ; --             ;
; MISC_FILE                          ; lpm_rom0.inc                                                       ; --            ; --          ; --             ;
; MISC_FILE                          ; lpm_rom1.tdf                                                       ; --            ; --          ; --             ;
; MISC_FILE                          ; lpm_rom1.bsf                                                       ; --            ; --          ; --             ;
; MISC_FILE                          ; lpm_rom1.inc                                                       ; --            ; --          ; --             ;
; MISC_FILE                          ; lpm_rom2.tdf                                                       ; --            ; --          ; --             ;
; MISC_FILE                          ; lpm_rom2.bsf                                                       ; --            ; --          ; --             ;
; MISC_FILE                          ; lpm_rom2.inc                                                       ; --            ; --          ; --             ;
; MISC_FILE                          ; lpm_bustri0.tdf                                                    ; --            ; --          ; --             ;
; MISC_FILE                          ; lpm_bustri0.bsf                                                    ; --            ; --          ; --             ;
; MISC_FILE                          ; lpm_bustri0.inc                                                    ; --            ; --          ; --             ;
; MISC_FILE                          ; C:/Users/Ma Yuxuan/Desktop/KeyScanning - 副本/KeyScanning.dpf      ; --            ; --          ; --             ;
; MISC_FILE                          ; lpm_rom3.tdf                                                       ; --            ; --          ; --             ;
; MISC_FILE                          ; lpm_rom3.bsf                                                       ; --            ; --          ; --             ;
; MISC_FILE                          ; lpm_rom3.inc                                                       ; --            ; --          ; --             ;
; MISC_FILE                          ; C:/Users/Ma Yuxuan/Desktop/KeyScanning -最终/KeyScanning.dpf       ; --            ; --          ; --             ;
; MISC_FILE                          ; C:/Users/Ma Yuxuan/Desktop/KeyScanning -最终优化版/KeyScanning.dpf ; --            ; --          ; --             ;
; PARTITION_COLOR                    ; 16764057                                                           ; --            ; main        ; Top            ;
; PARTITION_NETLIST_TYPE             ; SOURCE                                                             ; --            ; main        ; Top            ;
; TOP_LEVEL_ENTITY                   ; main                                                               ; KeyScanning   ; --          ; --             ;
; USE_GENERATED_PHYSICAL_CONSTRAINTS ; Off                                                                ; --            ; --          ; eda_blast_fpga ;
+------------------------------------+--------------------------------------------------------------------+---------------+-------------+----------------+


+-----------------------------------------------------------------------------------------------------------------------------+
; Flow Elapsed Time                                                                                                           ;
+-------------------------+--------------+-------------------------+---------------------+------------------------------------+
; Module Name             ; Elapsed Time ; Average Processors Used ; Peak Virtual Memory ; Total CPU Time (on all processors) ;
+-------------------------+--------------+-------------------------+---------------------+------------------------------------+
; Analysis & Synthesis    ; 00:00:02     ; 1.0                     ; 244 MB              ; 00:00:02                           ;
; Fitter                  ; 00:00:01     ; 1.0                     ; 283 MB              ; 00:00:01                           ;
; Assembler               ; 00:00:00     ; 1.0                     ; 213 MB              ; 00:00:00                           ;
; Classic Timing Analyzer ; 00:00:00     ; 1.0                     ; 182 MB              ; 00:00:00                           ;
; Total                   ; 00:00:03     ; --                      ; --                  ; 00:00:03                           ;
+-------------------------+--------------+-------------------------+---------------------+------------------------------------+


+------------------------------------------------------------------------------------------+
; Flow OS Summary                                                                          ;
+-------------------------+------------------+---------------+------------+----------------+
; Module Name             ; Machine Hostname ; OS Name       ; OS Version ; Processor type ;
+-------------------------+------------------+---------------+------------+----------------+
; Analysis & Synthesis    ; DESKTOP-J79JTDI  ; Windows Vista ; 6.2        ; x86_64         ;
; Fitter                  ; DESKTOP-J79JTDI  ; Windows Vista ; 6.2        ; x86_64         ;
; Assembler               ; DESKTOP-J79JTDI  ; Windows Vista ; 6.2        ; x86_64         ;
; Classic Timing Analyzer ; DESKTOP-J79JTDI  ; Windows Vista ; 6.2        ; x86_64         ;
+-------------------------+------------------+---------------+------------+----------------+


------------
; Flow Log ;
------------
quartus_map --read_settings_files=on --write_settings_files=off KeyScanning -c KeyScanning
quartus_fit --read_settings_files=off --write_settings_files=off KeyScanning -c KeyScanning
quartus_asm --read_settings_files=off --write_settings_files=off KeyScanning -c KeyScanning
quartus_tan --read_settings_files=off --write_settings_files=off KeyScanning -c KeyScanning --timing_analysis_only



